---
source: tests/snapshot_session_list.rs
expression: frame
---
   ○  alpha  1w               │                                                 
       claude · /tmp/work     │                         ▄                       
 ▌ 1 ▾ PREMIUM PRODUCTS  (2)  │   █▀▀█ █▀▀ █▀▀█ ▄▀▀█▀▀▄ ▄ █  █ ▄▀▀█▀▀▄  █▀▀█ █  
     ○  beta  1w              │   █  █ █   █▀▀▀ █  █  █ █ █  █ █  █  █  █  █ █  
         claude · /tmp/work   │   █▀▀▀ ▀   ▀▀▀▀ ▀  ▀  ▀ ▀ ▀▀▀▀ ▀  ▀  ▀  █▀▀▀ ▀  
     ○  gamma  1w  •attached  │                                                 
         claude · /tmp/work   │   font: opencode · f to cycle · 2 sessions      
                              │   ────────────────────────────────────────────  
                              │   ○  beta   claude   1w                         
                              │        /tmp/work                                
                              │   ○  gamma   claude   1w  •attached             
 bosun  v2.0.14 3 sessions↵ attach · n new · e edit · g group · 1-9 move · r ren
