---
source: tests/snapshot_session_list.rs
expression: frame
---
   ○  alpha  1w               │ ○ beta  +                                       
       claude · /tmp/work     │                                                 
 ▌ ○  beta  1w  •attached     │  preview: capturing…                            
       claude · /tmp/work     │                                                 
   ○  gamma  1w               │                                                 
       claude · /tmp/work     │                                                 
                              │                                                 
                              │                                                 
                              │                                                 
 bosun  v2.0.17 3 sessions↵ attach · n new · e edit · g group · 1-9 move · r ren
