---
source: tests/snapshot_session_list.rs
expression: frame
---
                              │                                                 
  no tmux sessions            │   ▄                                             
  (press n to create · g for a│   █▀▀█ █▀▀█ █▀▀▀ █  █ █▀▀▄                      
                              │   █  █ █  █ ▀▀▀█ █  █ █  █                      
                              │   ▀▀▀▀ ▀▀▀▀ ▀▀▀▀ ▀▀▀▀ ▀  ▀                      
                              │                                                 
                              │   v2.1.10 · TDF banner: opencode                
                              │                                                 
                              │   press n to create a session                   
 bosun  v2.1.10 0 sessions↵ attach · n new · e edit · g group · 1-9 move · r ren
